
--- VOLUME READ FAILED ---
Traceback (most recent call last):
  File "C:\Users\abhidhyanam\Desktop\jessy\backend\capabilities\system.py", line 318, in get_system_volume
    volume = _get_volume_interface()
  File "C:\Users\abhidhyanam\Desktop\jessy\backend\capabilities\system.py", line 296, in _get_volume_interface
    interface = devices.Activate(IAudioEndpointVolume._iid_, CLSCTX_ALL, None)
                ^^^^^^^^^^^^^^^^
AttributeError: 'AudioDevice' object has no attribute 'Activate'

get_system_volume() was called

--- VOLUME READ FAILED ---
Traceback (most recent call last):
  File "C:\Users\abhidhyanam\Desktop\jessy\backend\capabilities\system.py", line 321, in get_system_volume
    volume = _get_volume_interface()
  File "C:\Users\abhidhyanam\Desktop\jessy\backend\capabilities\system.py", line 296, in _get_volume_interface
    interface = devices.Activate(IAudioEndpointVolume._iid_, CLSCTX_ALL, None)
                ^^^^^^^^^^^^^^^^
AttributeError: 'AudioDevice' object has no attribute 'Activate'

get_system_volume() was called

--- VOLUME READ FAILED ---
Traceback (most recent call last):
  File "C:\Users\abhidhyanam\Desktop\jessy\backend\capabilities\system.py", line 321, in get_system_volume
    volume = _get_volume_interface()
  File "C:\Users\abhidhyanam\Desktop\jessy\backend\capabilities\system.py", line 296, in _get_volume_interface
    interface = devices.Activate(IAudioEndpointVolume._iid_, CLSCTX_ALL, None)
                ^^^^^^^^^^^^^^^^
AttributeError: 'AudioDevice' object has no attribute 'Activate'

get_system_volume() was called
get_system_volume() was called
